// Jest Snapshot v1, https://goo.gl/fbAQLP

exports[`components/notificationsList/notificationsItem should render notifications checkbox 1`] = `
ShallowWrapper {
  "length": 1,
  Symbol(enzyme.__root__): [Circular],
  Symbol(enzyme.__unrendered__): <NotificationsItem
    enabled={false}
    station="London"
    updateStation={[Function]}
/>,
  Symbol(enzyme.__renderer__): Object {
    "batchedUpdates": [Function],
    "getNode": [Function],
    "render": [Function],
    "simulateEvent": [Function],
    "unmount": [Function],
  },
  Symbol(enzyme.__node__): Object {
    "instance": null,
    "key": undefined,
    "nodeType": "class",
    "props": Object {
      "children": <CheckBox
        center={false}
        checked={false}
        checkedColor="green"
        checkedIcon="check-square-o"
        iconRight={false}
        onPress={[Function]}
        right={false}
        size={24}
        title="London"
        uncheckedColor="#bfbfbf"
        uncheckedIcon="square-o"
/>,
    },
    "ref": null,
    "rendered": Object {
      "instance": null,
      "key": undefined,
      "nodeType": "function",
      "props": Object {
        "center": false,
        "checked": false,
        "checkedColor": "green",
        "checkedIcon": "check-square-o",
        "iconRight": false,
        "onPress": [Function],
        "right": false,
        "size": 24,
        "title": "London",
        "uncheckedColor": "#bfbfbf",
        "uncheckedIcon": "square-o",
      },
      "ref": null,
      "rendered": null,
      "type": [Function],
    },
    "type": [Function],
  },
  Symbol(enzyme.__nodes__): Array [
    Object {
      "instance": null,
      "key": undefined,
      "nodeType": "class",
      "props": Object {
        "children": <CheckBox
          center={false}
          checked={false}
          checkedColor="green"
          checkedIcon="check-square-o"
          iconRight={false}
          onPress={[Function]}
          right={false}
          size={24}
          title="London"
          uncheckedColor="#bfbfbf"
          uncheckedIcon="square-o"
/>,
      },
      "ref": null,
      "rendered": Object {
        "instance": null,
        "key": undefined,
        "nodeType": "function",
        "props": Object {
          "center": false,
          "checked": false,
          "checkedColor": "green",
          "checkedIcon": "check-square-o",
          "iconRight": false,
          "onPress": [Function],
          "right": false,
          "size": 24,
          "title": "London",
          "uncheckedColor": "#bfbfbf",
          "uncheckedIcon": "square-o",
        },
        "ref": null,
        "rendered": null,
        "type": [Function],
      },
      "type": [Function],
    },
  ],
  Symbol(enzyme.__options__): Object {
    "adapter": ReactSixteenAdapter {
      "options": Object {
        "enableComponentDidUpdateOnSetState": true,
      },
    },
  },
}
`;
