// Jest Snapshot v1, https://goo.gl/fbAQLP

exports[`components/navigation/store should return the notifications store 1`] = `
Array [
  Object {
    "ID": "BAKERLOO",
    "enabled": undefined,
    "station": "bakerloo",
    "updateStation": [Function],
  },
  Object {
    "ID": "CENTRAL",
    "enabled": undefined,
    "station": "central",
    "updateStation": [Function],
  },
  Object {
    "ID": "DISTRICT",
    "enabled": undefined,
    "station": "district",
    "updateStation": [Function],
  },
  Object {
    "ID": "CIRCLE",
    "enabled": undefined,
    "station": "circle",
    "updateStation": [Function],
  },
  Object {
    "ID": "HAMMERSMITH",
    "enabled": undefined,
    "station": "hammersmith-city",
    "updateStation": [Function],
  },
  Object {
    "ID": "JUBILEE",
    "enabled": undefined,
    "station": "jubilee",
    "updateStation": [Function],
  },
  Object {
    "ID": "LONDON",
    "enabled": undefined,
    "station": "london-overground",
    "updateStation": [Function],
  },
  Object {
    "ID": "METROPOLITAN",
    "enabled": undefined,
    "station": "metropolitan",
    "updateStation": [Function],
  },
  Object {
    "ID": "NORTHERN",
    "enabled": undefined,
    "station": "northern",
    "updateStation": [Function],
  },
  Object {
    "ID": "PICCADILLY",
    "enabled": undefined,
    "station": "piccadilly",
    "updateStation": [Function],
  },
  Object {
    "ID": "VICTORIA",
    "enabled": undefined,
    "station": "victoria",
    "updateStation": [Function],
  },
  Object {
    "ID": "WATERLOO",
    "enabled": undefined,
    "station": "waterloo-city",
    "updateStation": [Function],
  },
]
`;
