// Jest Snapshot v1, https://goo.gl/fbAQLP

exports[`components/stationList/components/stationItem should render a stationItem 1`] = `
ShallowWrapper {
  "length": 1,
  Symbol(enzyme.__root__): [Circular],
  Symbol(enzyme.__unrendered__): <StationItem
    station="bakerloo"
    status="Good Service"
/>,
  Symbol(enzyme.__renderer__): Object {
    "batchedUpdates": [Function],
    "getNode": [Function],
    "render": [Function],
    "simulateEvent": [Function],
    "unmount": [Function],
  },
  Symbol(enzyme.__node__): Object {
    "instance": null,
    "key": undefined,
    "nodeType": "function",
    "props": Object {
      "chevronColor": "#bdc6cf",
      "disabled": false,
      "hideChevron": false,
      "leftIconUnderlayColor": "white",
      "rightIcon": Object {
        "name": "chevron-right",
      },
      "rightTitleNumberOfLines": 1,
      "roundAvatar": false,
      "selectedBackgroundColor": "grey",
      "subtitleNumberOfLines": 1,
      "switchButton": false,
      "textInputEditable": true,
      "title": "Bakerloo - Good Service",
      "titleNumberOfLines": 1,
      "underlayColor": "white",
    },
    "ref": null,
    "rendered": null,
    "type": [Function],
  },
  Symbol(enzyme.__nodes__): Array [
    Object {
      "instance": null,
      "key": undefined,
      "nodeType": "function",
      "props": Object {
        "chevronColor": "#bdc6cf",
        "disabled": false,
        "hideChevron": false,
        "leftIconUnderlayColor": "white",
        "rightIcon": Object {
          "name": "chevron-right",
        },
        "rightTitleNumberOfLines": 1,
        "roundAvatar": false,
        "selectedBackgroundColor": "grey",
        "subtitleNumberOfLines": 1,
        "switchButton": false,
        "textInputEditable": true,
        "title": "Bakerloo - Good Service",
        "titleNumberOfLines": 1,
        "underlayColor": "white",
      },
      "ref": null,
      "rendered": null,
      "type": [Function],
    },
  ],
  Symbol(enzyme.__options__): Object {
    "adapter": ReactSixteenAdapter {
      "options": Object {
        "enableComponentDidUpdateOnSetState": true,
      },
    },
  },
}
`;
