// Jest Snapshot v1, https://goo.gl/fbAQLP

exports[`components/notificationsList/utils renderItem should render an item 1`] = `
<NotificationsItem
  enabled={false}
  station="London"
  updateStation={[Function]}
/>
`;
