// Jest Snapshot v1, https://goo.gl/fbAQLP

exports[`components/notificationsList/notificationsToggle should render notifications toggle 1`] = `
ShallowWrapper {
  "length": 1,
  Symbol(enzyme.__root__): [Circular],
  Symbol(enzyme.__unrendered__): <NotificationsToggle
    enabled={false}
    onValueChange={[Function]}
    station="London"
/>,
  Symbol(enzyme.__renderer__): Object {
    "batchedUpdates": [Function],
    "getNode": [Function],
    "render": [Function],
    "simulateEvent": [Function],
    "unmount": [Function],
  },
  Symbol(enzyme.__node__): Object {
    "instance": null,
    "key": undefined,
    "nodeType": "class",
    "props": Object {
      "children": Array [
        <Text
          accessible={true}
          allowFontScaling={true}
          disabled={false}
          ellipsizeMode="tail"
>
          London
</Text>,
        <Switch
          disabled={false}
          onValueChange={[Function]}
          style={
                    Object {
                              "marginBottom": 10,
                            }
          }
          value={false}
/>,
      ],
    },
    "ref": null,
    "rendered": Array [
      Object {
        "instance": null,
        "key": undefined,
        "nodeType": "class",
        "props": Object {
          "accessible": true,
          "allowFontScaling": true,
          "children": "London",
          "disabled": false,
          "ellipsizeMode": "tail",
        },
        "ref": null,
        "rendered": "London",
        "type": [Function],
      },
      Object {
        "instance": null,
        "key": undefined,
        "nodeType": "class",
        "props": Object {
          "disabled": false,
          "onValueChange": [Function],
          "style": Object {
            "marginBottom": 10,
          },
          "value": false,
        },
        "ref": null,
        "rendered": null,
        "type": [Function],
      },
    ],
    "type": [Function],
  },
  Symbol(enzyme.__nodes__): Array [
    Object {
      "instance": null,
      "key": undefined,
      "nodeType": "class",
      "props": Object {
        "children": Array [
          <Text
            accessible={true}
            allowFontScaling={true}
            disabled={false}
            ellipsizeMode="tail"
>
            London
</Text>,
          <Switch
            disabled={false}
            onValueChange={[Function]}
            style={
                        Object {
                                    "marginBottom": 10,
                                  }
            }
            value={false}
/>,
        ],
      },
      "ref": null,
      "rendered": Array [
        Object {
          "instance": null,
          "key": undefined,
          "nodeType": "class",
          "props": Object {
            "accessible": true,
            "allowFontScaling": true,
            "children": "London",
            "disabled": false,
            "ellipsizeMode": "tail",
          },
          "ref": null,
          "rendered": "London",
          "type": [Function],
        },
        Object {
          "instance": null,
          "key": undefined,
          "nodeType": "class",
          "props": Object {
            "disabled": false,
            "onValueChange": [Function],
            "style": Object {
              "marginBottom": 10,
            },
            "value": false,
          },
          "ref": null,
          "rendered": null,
          "type": [Function],
        },
      ],
      "type": [Function],
    },
  ],
  Symbol(enzyme.__options__): Object {
    "adapter": ReactSixteenAdapter {
      "options": Object {
        "enableComponentDidUpdateOnSetState": true,
      },
    },
  },
}
`;
